Called user function 1 with 1 args: 3
Called user function 1 with 1 args: 3
Called user function 1 with 1 args: 0
Called user function 1 with 1 args: 0
Called user function 1 with 1 args: 0
Called user function 1 with 1 args: 0
Called user function 1 with 1 args: 6
Main function returned => Terminating.
