Called user function 1 with 10 args: 0 0 0 0 0 0 0 0 0 0
Called user function 1 with 10 args: 8 66 8 157 66 -8 -99 66 1616 -99
Called user function 1 with 10 args: -5 66 8 157 63 16 -99 10 1616 -99
Main function returned => Terminating.
