Called user function 2 with 0 args:
Called user function 2 with 0 args:
Called user function 2 with 0 args:
Main function returned => Terminating.
