Called user function 2 with 1 args: 0
Called user function 5 with 2 args: 1 3
Called user function 6 with 1 args: 3
Called user function 5 with 2 args: 2 4
Called user function 6 with 1 args: 4
Called user function 5 with 2 args: 3 5
Called user function 6 with 1 args: 5
Called user function 5 with 2 args: 4 6
Called user function 6 with 1 args: 6
Called user function 5 with 2 args: 5 7
Called user function 6 with 1 args: 7
Called user function 5 with 2 args: 6 8
Called user function 6 with 1 args: 8
Called user function 5 with 2 args: 7 9
Called user function 6 with 1 args: 9
Called user function 5 with 2 args: 8 10
Called user function 6 with 1 args: 10
Called user function 5 with 2 args: 9 11
Called user function 6 with 1 args: 11
Called user function 5 with 2 args: 10 12
Called user function 6 with 1 args: 12
Called user function 5 with 2 args: 11 13
Called user function 6 with 1 args: 13
Called user function 5 with 2 args: 12 14
Called user function 6 with 1 args: 14
Called user function 5 with 2 args: 13 15
Called user function 6 with 1 args: 15
Called user function 5 with 2 args: 14 16
Called user function 6 with 1 args: 16
Called user function 5 with 2 args: 15 17
Called user function 6 with 1 args: 17
Called user function 5 with 2 args: 16 18
Called user function 6 with 1 args: 18
Called user function 5 with 2 args: 17 19
Called user function 6 with 1 args: 19
Called user function 5 with 2 args: 18 20
Called user function 6 with 1 args: 20
Called user function 5 with 2 args: 19 21
Called user function 6 with 1 args: 21
Called user function 5 with 2 args: 20 22
Called user function 6 with 1 args: 22
Called user function 5 with 2 args: 21 23
Called user function 6 with 1 args: 23
Called user function 5 with 2 args: 22 24
Called user function 6 with 1 args: 24
Called user function 5 with 2 args: 23 25
Called user function 6 with 1 args: 25
Called user function 5 with 2 args: 24 26
Called user function 6 with 1 args: 26
Called user function 5 with 2 args: 25 27
Called user function 6 with 1 args: 27
Called user function 5 with 2 args: 26 28
Called user function 6 with 1 args: 28
Called user function 5 with 2 args: 27 29
Called user function 6 with 1 args: 29
Called user function 5 with 2 args: 28 30
Called user function 6 with 1 args: 30
Called user function 5 with 2 args: 29 31
Called user function 6 with 1 args: 31
Called user function 5 with 2 args: 30 32
Called user function 6 with 1 args: 32
Called user function 5 with 2 args: 31 33
Called user function 6 with 1 args: 33
Called user function 5 with 2 args: 32 34
Called user function 6 with 1 args: 34
Called user function 5 with 2 args: 33 35
Called user function 6 with 1 args: 35
Called user function 5 with 2 args: 34 36
Called user function 6 with 1 args: 36
Called user function 5 with 2 args: 35 37
Called user function 6 with 1 args: 37
Called user function 5 with 2 args: 36 38
Called user function 6 with 1 args: 38
Called user function 5 with 2 args: 37 39
Called user function 6 with 1 args: 39
Called user function 5 with 2 args: 38 40
Called user function 6 with 1 args: 40
Called user function 5 with 2 args: 39 41
Called user function 6 with 1 args: 41
Called user function 5 with 2 args: 40 42
Called user function 6 with 1 args: 42
Called user function 5 with 2 args: 41 43
Called user function 6 with 1 args: 43
Called user function 5 with 2 args: 42 44
Called user function 6 with 1 args: 44
Called user function 5 with 2 args: 43 45
Called user function 6 with 1 args: 45
Called user function 5 with 2 args: 44 46
Called user function 6 with 1 args: 46
Called user function 5 with 2 args: 45 47
Called user function 6 with 1 args: 47
Called user function 5 with 2 args: 46 48
Called user function 6 with 1 args: 48
Called user function 5 with 2 args: 47 49
Called user function 6 with 1 args: 49
Called user function 5 with 2 args: 48 50
Main function returned => Terminating.
