Called user function 1 with 1 args: 35
Called user function 0 => stop.
