Called user function 1 with 3 args: 5 6 7
Called user function 1 with 3 args: 1 19 6
Called user function 0 => stop.
